../Core/Src/main.c:64:6:HAL_GPIO_EXTI_Callback	16	static
../Core/Src/main.c:75:6:HAL_TIM_PeriodElapsedCallback	24	static
../Core/Src/main.c:141:6:drawAxis	24	static
../Core/Src/main.c:159:6:drawCoordinate_Sin	16	static
../Core/Src/main.c:172:6:drawCoordinate1	24	static
../Core/Src/main.c:188:6:drawCoordinate2	24	static
../Core/Src/main.c:211:6:drawCoordinate3	24	static
../Core/Src/main.c:227:6:onKey0	8	static
../Core/Src/main.c:232:6:onKey1	8	static
../Core/Src/main.c:237:6:onKey2	8	static
../Core/Src/main.c:242:6:onKeyUP	8	static
../Core/Src/main.c:254:5:main	8	static
../Core/Src/main.c:307:6:SystemClock_Config	88	static
../Core/Src/main.c:349:13:MX_TIM1_Init	32	static
../Core/Src/main.c:395:13:MX_GPIO_Init	48	static
../Core/Src/main.c:448:13:MX_FSMC_Init	40	static
../Core/Src/main.c:508:6:Error_Handler	4	static,ignoring_inline_asm
